NAME_FIRST
NAME_MIDDLE
NAME_LAST
UNKNOWN_TYPE
UNKNOWN_TYPE
UNKNOWN_TYPE
UNKNOWN_TYPE
UNKNOWN_TYPE
UNKNOWN_TYPE
ADDRESS_HOME_CITY
ADDRESS_HOME_STATE
ADDRESS_HOME_COUNTRY
UNKNOWN_TYPE
UNKNOWN_TYPE
UNKNOWN_TYPE
UNKNOWN_TYPE
EMAIL_ADDRESS
EMAIL_ADDRESS
