UNKNOWN_TYPE
UNKNOWN_TYPE
UNKNOWN_TYPE
UNKNOWN_TYPE
UNKNOWN_TYPE
UNKNOWN_TYPE
UNKNOWN_TYPE
UNKNOWN_TYPE
UNKNOWN_TYPE
NAME_FIRST
NAME_LAST
COMPANY_NAME
ADDRESS_HOME_LINE1
ADDRESS_HOME_CITY
ADDRESS_HOME_STATE
ADDRESS_HOME_ZIP
ADDRESS_HOME_COUNTRY
EMAIL_ADDRESS
EMAIL_ADDRESS
PHONE_HOME_WHOLE_NUMBER
NAME_FIRST
NAME_LAST
COMPANY_NAME
ADDRESS_HOME_LINE1
ADDRESS_HOME_CITY
ADDRESS_HOME_STATE
ADDRESS_HOME_ZIP
ADDRESS_HOME_COUNTRY
EMAIL_ADDRESS
EMAIL_ADDRESS
PHONE_HOME_WHOLE_NUMBER
UNKNOWN_TYPE
