UNKNOWN_TYPE
ADDRESS_HOME_COUNTRY
UNKNOWN_TYPE
UNKNOWN_TYPE
UNKNOWN_TYPE
EMAIL_ADDRESS
NAME_FIRST
NAME_LAST
EMAIL_ADDRESS
